[INFO] Scanning for projects...
[INFO] 
[INFO] ---------------------< com.smartestatehub:backend >---------------------
[INFO] Building SmartEstateHub Backend 0.0.1-SNAPSHOT
[INFO]   from pom.xml
[INFO] --------------------------------[ jar ]---------------------------------
[INFO] 
[INFO] --- resources:3.3.1:resources (default-resources) @ backend ---
[INFO] Copying 1 resource from src\main\resources to target\classes
[INFO] Copying 0 resource from src\main\resources to target\classes
[INFO] 
[INFO] --- compiler:3.11.0:compile (default-compile) @ backend ---
[INFO] Changes detected - recompiling the module! :source
[INFO] Compiling 138 source files with javac [debug release 21] to target\classes
[INFO] -------------------------------------------------------------
[ERROR] COMPILATION ERROR : 
[INFO] -------------------------------------------------------------
[ERROR] /C:/CRM/backend/src/main/java/com/smartestatehub/crm/service/ClientService.java:[25,19] cannot find symbol
  symbol:   class UserRepository
  location: class com.smartestatehub.crm.service.ClientService
[ERROR] /C:/CRM/backend/src/main/java/com/smartestatehub/crm/service/ClientService.java:[20,1] cannot find symbol
  symbol:   class UserRepository
  location: class com.smartestatehub.crm.service.ClientService
[INFO] 2 errors 
[INFO] -------------------------------------------------------------
[INFO] ------------------------------------------------------------------------
[INFO] BUILD FAILURE
[INFO] ------------------------------------------------------------------------
[INFO] Total time:  7.954 s
[INFO] Finished at: 2026-05-27T18:53:35+01:00
[INFO] ------------------------------------------------------------------------
[ERROR] Failed to execute goal org.apache.maven.plugins:maven-compiler-plugin:3.11.0:compile (default-compile) on project backend: Compilation failure: Compilation failure: 
[ERROR] /C:/CRM/backend/src/main/java/com/smartestatehub/crm/service/ClientService.java:[25,19] cannot find symbol
[ERROR]   symbol:   class UserRepository
[ERROR]   location: class com.smartestatehub.crm.service.ClientService
[ERROR] /C:/CRM/backend/src/main/java/com/smartestatehub/crm/service/ClientService.java:[20,1] cannot find symbol
[ERROR]   symbol:   class UserRepository
[ERROR]   location: class com.smartestatehub.crm.service.ClientService
[ERROR] -> [Help 1]
[ERROR] 
[ERROR] To see the full stack trace of the errors, re-run Maven with the -e switch.
[ERROR] Re-run Maven using the -X switch to enable full debug logging.
[ERROR] 
[ERROR] For more information about the errors and possible solutions, please read the following articles:
[ERROR] [Help 1] http://cwiki.apache.org/confluence/display/MAVEN/MojoFailureException
